Flow report for DDS
Tue Aug 05 09:54:58 2014
Quartus II Version 10.0 Build 262 08/18/2010 Service Pack 1 SJ Full Version


---------------------
; Table of Contents ;
---------------------
  1. Legal Notice
  2. Flow Summary
  3. Flow Settings
  4. Flow Non-Default Global Settings
  5. Flow Elapsed Time
  6. Flow OS Summary
  7. Flow Log



----------------
; Legal Notice ;
----------------
Copyright (C) 1991-2010 Altera Corporation
Your use of Altera Corporation's design tools, logic functions 
and other software and tools, and its AMPP partner logic 
functions, and any output files from any of the foregoing 
(including device programming or simulation files), and any 
associated documentation or information are expressly subject 
to the terms and conditions of the Altera Program License 
Subscription Agreement, Altera MegaCore Function License 
Agreement, or other applicable license agreement, including, 
without limitation, that your use is for the sole purpose of 
programming logic devices manufactured by Altera and sold by 
Altera or its authorized distributors.  Please refer to the 
applicable agreement for further details.



+-------------------------------------------------------------------------------------+
; Flow Summary                                                                        ;
+------------------------------------+------------------------------------------------+
; Flow Status                        ; Successful - Tue Aug 05 09:54:58 2014          ;
; Quartus II Version                 ; 10.0 Build 262 08/18/2010 SP 1 SJ Full Version ;
; Revision Name                      ; DDS                                            ;
; Top-level Entity Name              ; DDS                                            ;
; Family                             ; Cyclone II                                     ;
; Device                             ; EP2C5T144C8                                    ;
; Timing Models                      ; Final                                          ;
; Met timing requirements            ; Yes                                            ;
; Total logic elements               ; 44 / 4,608 ( < 1 % )                           ;
;     Total combinational functions  ; 36 / 4,608 ( < 1 % )                           ;
;     Dedicated logic registers      ; 10 / 4,608 ( < 1 % )                           ;
; Total registers                    ; 10                                             ;
; Total pins                         ; 33 / 89 ( 37 % )                               ;
; Total virtual pins                 ; 0                                              ;
; Total memory bits                  ; 2,048 / 119,808 ( 2 % )                        ;
; Embedded Multiplier 9-bit elements ; 0 / 26 ( 0 % )                                 ;
; Total PLLs                         ; 1 / 2 ( 50 % )                                 ;
+------------------------------------+------------------------------------------------+


+-----------------------------------------+
; Flow Settings                           ;
+-------------------+---------------------+
; Option            ; Setting             ;
+-------------------+---------------------+
; Start date & time ; 08/05/2014 09:54:48 ;
; Main task         ; Compilation         ;
; Revision Name     ; DDS                 ;
+-------------------+---------------------+


+----------------------------------------------------------------------------------------------------------------------------+
; Flow Non-Default Global Settings                                                                                           ;
+-------------------------------------+---------------------------------------+---------------+-------------+----------------+
; Assignment Name                     ; Value                                 ; Default Value ; Entity Name ; Section Id     ;
+-------------------------------------+---------------------------------------+---------------+-------------+----------------+
; COMPILER_SIGNATURE_ID               ; 172310027683944.140720368807136       ; --            ; --          ; --             ;
; EDA_OUTPUT_DATA_FORMAT              ; Vhdl                                  ; --            ; --          ; eda_simulation ;
; EDA_SIMULATION_TOOL                 ; ModelSim (VHDL)                       ; <None>        ; --          ; --             ;
; EDA_TIME_SCALE                      ; 1 ps                                  ; --            ; --          ; eda_simulation ;
; IP_TOOL_NAME                        ; ALTPLL                                ; --            ; --          ; --             ;
; IP_TOOL_NAME                        ; RAM: 2-PORT                           ; --            ; --          ; --             ;
; IP_TOOL_VERSION                     ; 10.0                                  ; --            ; --          ; --             ;
; IP_TOOL_VERSION                     ; 10.0                                  ; --            ; --          ; --             ;
; MAX_CORE_JUNCTION_TEMP              ; 85                                    ; --            ; --          ; --             ;
; MIN_CORE_JUNCTION_TEMP              ; 0                                     ; --            ; --          ; --             ;
; MISC_FILE                           ; pll/pll1.bsf                          ; --            ; --          ; --             ;
; MISC_FILE                           ; pll/pll1.cmp                          ; --            ; --          ; --             ;
; MISC_FILE                           ; pll/pll1.ppf                          ; --            ; --          ; --             ;
; MISC_FILE                           ; ram/RAM2PORT.bsf                      ; --            ; --          ; --             ;
; MISC_FILE                           ; ram/RAM2PORT.cmp                      ; --            ; --          ; --             ;
; MISC_FILE                           ; E:/nios/chen/DDS/DDS.dpf              ; --            ; --          ; --             ;
; PARTITION_COLOR                     ; 16764057                              ; --            ; --          ; Top            ;
; PARTITION_FITTER_PRESERVATION_LEVEL ; PLACEMENT_AND_ROUTING                 ; --            ; --          ; Top            ;
; PARTITION_NETLIST_TYPE              ; SOURCE                                ; --            ; --          ; Top            ;
; POWER_BOARD_THERMAL_MODEL           ; None (CONSERVATIVE)                   ; --            ; --          ; --             ;
; POWER_PRESET_COOLING_SOLUTION       ; 23 MM HEAT SINK WITH 200 LFPM AIRFLOW ; --            ; --          ; --             ;
; SEARCH_PATH                         ; e:/nios/chen/dds/freqcontrol          ; --            ; --          ; --             ;
; SEARCH_PATH                         ; e:/nios/chen/dds/ram                  ; --            ; --          ; --             ;
; SEARCH_PATH                         ; e:/nios/chen/dds/pll                  ; --            ; --          ; --             ;
; SEARCH_PATH                         ; e:/nios/chen/dds/select               ; --            ; --          ; --             ;
+-------------------------------------+---------------------------------------+---------------+-------------+----------------+


+-----------------------------------------------------------------------------------------------------------------------------+
; Flow Elapsed Time                                                                                                           ;
+-------------------------+--------------+-------------------------+---------------------+------------------------------------+
; Module Name             ; Elapsed Time ; Average Processors Used ; Peak Virtual Memory ; Total CPU Time (on all processors) ;
+-------------------------+--------------+-------------------------+---------------------+------------------------------------+
; Analysis & Synthesis    ; 00:00:02     ; 1.0                     ; 286 MB              ; 00:00:02                           ;
; Fitter                  ; 00:00:02     ; 1.0                     ; 277 MB              ; 00:00:03                           ;
; Assembler               ; 00:00:01     ; 1.0                     ; 234 MB              ; 00:00:01                           ;
; Classic Timing Analyzer ; 00:00:00     ; 1.0                     ; 195 MB              ; 00:00:01                           ;
; EDA Netlist Writer      ; 00:00:01     ; 1.0                     ; 210 MB              ; 00:00:01                           ;
; Total                   ; 00:00:06     ; --                      ; --                  ; 00:00:08                           ;
+-------------------------+--------------+-------------------------+---------------------+------------------------------------+


+--------------------------------------------------------------------------------------+
; Flow OS Summary                                                                      ;
+-------------------------+------------------+-----------+------------+----------------+
; Module Name             ; Machine Hostname ; OS Name   ; OS Version ; Processor type ;
+-------------------------+------------------+-----------+------------+----------------+
; Analysis & Synthesis    ; toshiba-PC       ; Windows 7 ; 6.1        ; x86_64         ;
; Fitter                  ; toshiba-PC       ; Windows 7 ; 6.1        ; x86_64         ;
; Assembler               ; toshiba-PC       ; Windows 7 ; 6.1        ; x86_64         ;
; Classic Timing Analyzer ; toshiba-PC       ; Windows 7 ; 6.1        ; x86_64         ;
; EDA Netlist Writer      ; toshiba-PC       ; Windows 7 ; 6.1        ; x86_64         ;
+-------------------------+------------------+-----------+------------+----------------+


------------
; Flow Log ;
------------
quartus_map --read_settings_files=on --write_settings_files=off DDS -c DDS
quartus_fit --read_settings_files=off --write_settings_files=off DDS -c DDS
quartus_asm --read_settings_files=off --write_settings_files=off DDS -c DDS
quartus_tan --read_settings_files=off --write_settings_files=off DDS -c DDS --timing_analysis_only
quartus_eda --read_settings_files=off --write_settings_files=off DDS -c DDS



